// Jest Snapshot v1, https://goo.gl/fbAQLP

exports[`renders correctly 1`] = `
<div>
  <div
    className="header"
  >
    <header>
      <h1>
        Welcome to SPNDR
      </h1>
    </header>
    <p>
      Finance Management. Simplified.
    </p>
  </div>
  <div
    className="login_container"
  >
    <section
      className="LoginPage"
    >
      <h2>
        Login
      </h2>
      <form
        className="LoginForm"
        onSubmit={[Function]}
      >
        <div
          role="alert"
        />
        <div
          className="user_name"
        >
          <label
            htmlFor="LoginForm__user_name"
          >
            User name:
          </label>
          <input
            id="LoginForm__user_name"
            name="user_name"
            required={true}
          />
        </div>
        <div
          className="password"
        >
          <label
            htmlFor="LoginForm__password"
          >
            Password:
          </label>
          <input
            id="LoginForm__password"
            name="password"
            required={true}
            type="password"
          />
        </div>
        <button
          id="login_form_button"
          type="submit"
        >
          Login
        </button>
      </form>
    </section>
  </div>
</div>
`;
